
> ui@0.0.0 build
> vite build

[36mvite v7.3.0 [32mbuilding client environment for production...[36m[39m
transforming...
[32mΓ£ô[39m 71 modules transformed.
node.exe : [31mΓ£ù[39m 
Build failed in 1.42s
At line:1 char:1
+ & "C:\Program 
Files\nodejs/node.exe" 
"C:\Program 
Files\nodejs/node_mo ...
+ ~~~~~~~~~~~~~~~~~~~~~~~~~~~
~~~~~~~~~~~~~~~~~~~~~~~~~~~~~
~~~~~~~~~~~~~
    + CategoryInfo           
   : NotSpecified: ([31mΓ£  
  ù[39m Build failed in 1   
 .42s:String) [], RemoteE    
xception
    + FullyQualifiedErrorId  
   : NativeCommandError
 
[31merror during build:
[31mCould not resolve "../..
/Courses/services/courseServi
ce" from "src/pages/Certifica
tes/tabs/ManualIssue.jsx"[31
m
file: [36mC:/Users/venki07/O
neDrive/Desktop/lms project/L
MS-Project-Demo/src/pages/Cer
tificates/tabs/ManualIssue.js
x[31m
    at getRollupError (file:/
//C:/Users/venki07/OneDrive/D
esktop/lms%20project/LMS-Proj
ect-Demo/node_modules/rollup/
dist/es/shared/parseAst.js:40
2:41)
    at error (file:///C:/User
s/venki07/OneDrive/Desktop/lm
s%20project/LMS-Project-Demo/
node_modules/rollup/dist/es/s
hared/parseAst.js:398:42)
    at ModuleLoader.handleInv
alidResolvedId (file:///C:/Us
ers/venki07/OneDrive/Desktop/
lms%20project/LMS-Project-Dem
o/node_modules/rollup/dist/es
/shared/node-entry.js:21710:2
4)
    at file:///C:/Users/venki
07/OneDrive/Desktop/lms%20pro
ject/LMS-Project-Demo/node_mo
dules/rollup/dist/es/shared/n
ode-entry.js:21670:26[39m
